13:29:26  INFO    Logging full detail to: email_finder.log
13:29:26  INFO    Preflight: checking whether this network can reach port 25 at all ...
13:29:31  DEBUG     preflight: could not reach aspmx.l.google.com:25 (timed out)
13:29:36  DEBUG     preflight: could not reach gmail-smtp-in.l.google.com:25 (timed out)
13:29:36  ERROR   ======================================================================
13:29:36  ERROR   PREFLIGHT FAILED: cannot reach ANY mail server on port 25 from this network.
13:29:36  ERROR   This script verifies every email over SMTP and only saves VERIFIED ones, so
13:29:36  ERROR   with port 25 blocked it cannot confirm a single address -- the output would be
13:29:36  ERROR   empty no matter how many combinations we try. This is a network/ISP/router
13:29:36  ERROR   block (very common on home wifi, many offices, and most cloud sandboxes), NOT
13:29:36  ERROR   a bug in the combination logic.
13:29:36  ERROR   
13:29:36  ERROR   To actually find emails, run this from a host with real port-25 egress:
13:29:36  ERROR     - a VPS/cloud box where you've requested port 25 be unblocked, or
13:29:36  ERROR     - swap the SMTP check for a paid verification API (Hunter, ZeroBounce, etc).
13:29:36  ERROR   
13:29:36  ERROR   Aborting now so you don't wait on guaranteed timeouts. (Use --skip-preflight
13:29:36  ERROR   to force it to try anyway.)
13:29:36  ERROR   ======================================================================
13:29:36  INFO    ======================================================================
13:29:36  INFO    Processed 0 companies, 1705 profiles.
13:29:36  INFO    VERIFIED emails saved: 0/1705
13:29:36  INFO    Results written to: email_results.json
13:29:36  INFO    Full log written to: email_finder.log
